<?xml version="1.0" encoding="UTF-8"?>
<module type="JAVA_MODULE" version="4">
  <component name="FacetManager">
    <facet type="android" name="Android">
      <configuration>
        <option name="GEN_FOLDER_RELATIVE_PATH_APT" value="/../../buck-out/android/modules/dep1/gen" />
        <option name="GEN_FOLDER_RELATIVE_PATH_AIDL" value="/../../buck-out/android/modules/dep1/gen" />
        <option name="RES_FOLDERS_RELATIVE_PATH" value="/../../buck-out/gen/modules/dep1/dep1#resources-symlink-tree/res" />
        <option name="LIBRARY_PROJECT" value="true" />
        <option name="PROJECT_TYPE" value="1" />
        <option name="UPDATE_PROPERTY_FILES" value="false" />
        <option name="ENABLE_SOURCES_AUTOGENERATION" value="true" />
        <includeAssetsFromLibraries>true</includeAssetsFromLibraries>
      </configuration>
    </facet>
  </component>
  <component name="NewModuleRootManager" inherit-compiler-output="false">
    <output url="jar://$MODULE_DIR$/../../buck-out/gen/modules/dep1/lib__dep2__output/dep2.jar!/" />
    <exclude-output />
    <content url="file://$MODULE_DIR$/../../buck-out/android/modules/dep1/gen">
      <sourceFolder url="file://$MODULE_DIR$/../../buck-out/android/modules/dep1/gen" isTestSource="false" />
    </content>
    <content url="file://$MODULE_DIR$/../../buck-out/gen/modules/dep1/dep1#resources-symlink-tree/res">
      <sourceFolder url="file://$MODULE_DIR$/../../buck-out/gen/modules/dep1/dep1#resources-symlink-tree/res" isTestSource="false" packagePrefix="com.test" type="java-resource" />
    </content>
    <content url="file://$MODULE_DIR$">
      <excludeFolder url="file://$MODULE_DIR$/res" isTestSource="false" />
      <sourceFolder url="file://$MODULE_DIR$/src" isTestSource="false" packagePrefix="com.test" />
    </content>
    <orderEntry type="jdk" jdkName="Android API 25 Platform" jdkType="AndroidSDK" />
    <orderEntry type="sourceFolder" forTests="false" />
    <orderEntry type="library" name="//modules/dep1:dep2#dummy_r_dot_java" scope="COMPILE" level="project" />
    <orderEntry type="module" module-name="buck_out_extra_intellij_output_modules_dep1" scope="COMPILE" />
  </component>
</module>