<?xml version="1.0" encoding="UTF-8" standalone="no"?><Scheme LastUpgradeVersion="9999" version="1.7"><BuildAction buildImplicitDependencies="YES" parallelizeBuildables="YES"><BuildActionEntries><BuildActionEntry buildForAnalyzing="YES" buildForArchiving="NO" buildForProfiling="NO" buildForRunning="NO" buildForTesting="NO"><BuildableReference BlueprintIdentifier="E66DC04E79CC7D5400000000" BlueprintName="Dep1_1" BuildableIdentifier="primary" BuildableName="libDep1_1.a" ReferencedContainer="container:TestApp.xcodeproj"/></BuildActionEntry><BuildActionEntry buildForAnalyzing="YES" buildForArchiving="NO" buildForProfiling="NO" buildForRunning="NO" buildForTesting="NO"><BuildableReference BlueprintIdentifier="E66DC04E79CC7D5500000000" BlueprintName="Dep1_2" BuildableIdentifier="primary" BuildableName="libDep1_2.a" ReferencedContainer="container:TestApp.xcodeproj"/></BuildActionEntry><BuildActionEntry buildForAnalyzing="YES" buildForArchiving="YES" buildForProfiling="YES" buildForRunning="YES" buildForTesting="NO"><BuildableReference BlueprintIdentifier="E66DC04E0E6F340F00000000" BlueprintName="TestApp" BuildableIdentifier="primary" BuildableName="TestApp.app" ReferencedContainer="container:TestApp.xcodeproj"/></BuildActionEntry></BuildActionEntries></BuildAction><TestAction buildConfiguration="Debug" shouldUseLaunchSchemeArgsEnv="YES"><Testables/></TestAction><LaunchAction buildConfiguration="Debug" launchStyle="0"><BuildableProductRunnable><BuildableReference BlueprintIdentifier="E66DC04E0E6F340F00000000" BlueprintName="TestApp" BuildableIdentifier="primary" BuildableName="TestApp.app" ReferencedContainer="container:TestApp.xcodeproj"/></BuildableProductRunnable></LaunchAction><ProfileAction buildConfiguration="Release" shouldUseLaunchSchemeArgsEnv="YES"><BuildableProductRunnable><BuildableReference BlueprintIdentifier="E66DC04E0E6F340F00000000" BlueprintName="TestApp" BuildableIdentifier="primary" BuildableName="TestApp.app" ReferencedContainer="container:TestApp.xcodeproj"/></BuildableProductRunnable></ProfileAction><AnalyzeAction buildConfiguration="Debug"/><ArchiveAction buildConfiguration="Release" revealArchiveInOrganizer="YES"/></Scheme>