<?xml version="1.0" encoding="UTF-8" standalone="no"?><Workspace version="1.0"><FileRef location="container:Apps.xcodeproj"/><FileRef location="container:../Libraries/Dep1/Dep1.xcodeproj"/></Workspace>