<component name="libraryTable">
  <library name="//modules/dep2:dep3#dummy_r_dot_java">
    <CLASSES>
      <root url="jar://$PROJECT_DIR$/buck-out/gen/modules/dep2/__dep3#dummy_r_dot_java_dummyrdotjava_output__/dep3#dummy_r_dot_java.jar!/" />
    </CLASSES>
    <JAVADOC />
    <SOURCES />
  </library>
</component>