<?xml version="1.0" encoding="UTF-8"?>
<!DOCTYPE plist PUBLIC "-//Apple//DTD PLIST 1.0//EN" "http://www.apple.com/DTDs/PropertyList-1.0.dtd">
<plist version="1.0">
<dict>
	<key>archiveVersion</key>
	<string>1</string>
	<key>classes</key>
	<dict>
	</dict>
	<key>objectVersion</key>
	<string>46</string>
	<key>objects</key>
	<dict>
		<key>1DD70E29001F47FB00000000</key>
		<dict>
			<key>isa</key>
			<string>PBXFileReference</string>
			<key>name</key>
			<string>BUCK</string>
			<key>path</key>
			<string>BUCK</string>
			<key>sourceTree</key>
			<string>SOURCE_ROOT</string>
			<key>explicitFileType</key>
			<string>text.script.python</string>
		</dict>
		<key>1DD70E2906C06BEE00000000</key>
		<dict>
			<key>isa</key>
			<string>PBXFileReference</string>
			<key>name</key>
			<string>Info.plist</string>
			<key>path</key>
			<string>Info.plist</string>
			<key>sourceTree</key>
			<string>SOURCE_ROOT</string>
			<key>explicitFileType</key>
			<string>text.plist</string>
		</dict>
		<key>1DD70E295CC270EC00000000</key>
		<dict>
			<key>isa</key>
			<string>PBXFileReference</string>
			<key>name</key>
			<string>halide-compiler-dep.c</string>
			<key>path</key>
			<string>halide-compiler-dep.c</string>
			<key>sourceTree</key>
			<string>SOURCE_ROOT</string>
			<key>lastKnownFileType</key>
			<string>sourcecode.c.c</string>
		</dict>
		<key>1DD70E292F25E82E00000000</key>
		<dict>
			<key>isa</key>
			<string>PBXFileReference</string>
			<key>name</key>
			<string>halide-dep.c</string>
			<key>path</key>
			<string>halide-dep.c</string>
			<key>sourceTree</key>
			<string>SOURCE_ROOT</string>
			<key>lastKnownFileType</key>
			<string>sourcecode.c.c</string>
		</dict>
		<key>1DD70E29BF88817800000000</key>
		<dict>
			<key>isa</key>
			<string>PBXFileReference</string>
			<key>name</key>
			<string>main.m</string>
			<key>path</key>
			<string>main.m</string>
			<key>sourceTree</key>
			<string>SOURCE_ROOT</string>
			<key>lastKnownFileType</key>
			<string>sourcecode.c.objc</string>
		</dict>
		<key>B401C979001F3E9200000000</key>
		<dict>
			<key>isa</key>
			<string>PBXGroup</string>
			<key>name</key>
			<string>Apps</string>
			<key>sourceTree</key>
			<string><![CDATA[<group>]]></string>
			<key>children</key>
			<array>
				<string>1DD70E29001F47FB00000000</string>
				<string>1DD70E2906C06BEE00000000</string>
				<string>1DD70E295CC270EC00000000</string>
				<string>1DD70E292F25E82E00000000</string>
				<string>1DD70E29BF88817800000000</string>
			</array>
		</dict>
		<key>1DD70E291C9EF7C200000000</key>
		<dict>
			<key>isa</key>
			<string>PBXFileReference</string>
			<key>name</key>
			<string>TestApp.app</string>
			<key>path</key>
			<string>TestApp.app</string>
			<key>sourceTree</key>
			<string>BUILT_PRODUCTS_DIR</string>
			<key>explicitFileType</key>
			<string>wrapper.application</string>
		</dict>
		<key>1DD70E299350A4F000000000</key>
		<dict>
			<key>isa</key>
			<string>PBXFileReference</string>
			<key>name</key>
			<string>TestAppBinary</string>
			<key>path</key>
			<string>TestAppBinary</string>
			<key>sourceTree</key>
			<string>BUILT_PRODUCTS_DIR</string>
		</dict>
		<key>1DD70E290BC2E52700000000</key>
		<dict>
			<key>isa</key>
			<string>PBXFileReference</string>
			<key>name</key>
			<string>brighter</string>
			<key>path</key>
			<string>buck-out/halide/Apps/brighter</string>
			<key>sourceTree</key>
			<string>BUILT_PRODUCTS_DIR</string>
		</dict>
		<key>1DD70E299AF4038500000000</key>
		<dict>
			<key>isa</key>
			<string>PBXFileReference</string>
			<key>name</key>
			<string>libhalide-compiler-dep.a</string>
			<key>path</key>
			<string>libhalide-compiler-dep.a</string>
			<key>sourceTree</key>
			<string>BUILT_PRODUCTS_DIR</string>
			<key>explicitFileType</key>
			<string>archive.ar</string>
		</dict>
		<key>1DD70E2909D6EB3100000000</key>
		<dict>
			<key>isa</key>
			<string>PBXFileReference</string>
			<key>name</key>
			<string>libhalide-dep.a</string>
			<key>path</key>
			<string>libhalide-dep.a</string>
			<key>sourceTree</key>
			<string>BUILT_PRODUCTS_DIR</string>
			<key>explicitFileType</key>
			<string>archive.ar</string>
		</dict>
		<key>B401C979C806358400000000</key>
		<dict>
			<key>isa</key>
			<string>PBXGroup</string>
			<key>name</key>
			<string>Products</string>
			<key>sourceTree</key>
			<string><![CDATA[<group>]]></string>
			<key>children</key>
			<array>
				<string>1DD70E291C9EF7C200000000</string>
				<string>1DD70E299350A4F000000000</string>
				<string>1DD70E290BC2E52700000000</string>
				<string>1DD70E299AF4038500000000</string>
				<string>1DD70E2909D6EB3100000000</string>
			</array>
		</dict>
		<key>1DD70E29E4B004C600000000</key>
		<dict>
			<key>isa</key>
			<string>PBXFileReference</string>
			<key>name</key>
			<string>TestApp-Debug.xcconfig</string>
			<key>path</key>
			<string>../buck-out/gen/Apps/TestApp-Debug.xcconfig</string>
			<key>sourceTree</key>
			<string>SOURCE_ROOT</string>
			<key>explicitFileType</key>
			<string>text.xcconfig</string>
		</dict>
		<key>1DD70E295DE482B000000000</key>
		<dict>
			<key>isa</key>
			<string>PBXFileReference</string>
			<key>name</key>
			<string>TestApp-Profile.xcconfig</string>
			<key>path</key>
			<string>../buck-out/gen/Apps/TestApp-Profile.xcconfig</string>
			<key>sourceTree</key>
			<string>SOURCE_ROOT</string>
			<key>explicitFileType</key>
			<string>text.xcconfig</string>
		</dict>
		<key>1DD70E29D17B2E1200000000</key>
		<dict>
			<key>isa</key>
			<string>PBXFileReference</string>
			<key>name</key>
			<string>TestApp-Release.xcconfig</string>
			<key>path</key>
			<string>../buck-out/gen/Apps/TestApp-Release.xcconfig</string>
			<key>sourceTree</key>
			<string>SOURCE_ROOT</string>
			<key>explicitFileType</key>
			<string>text.xcconfig</string>
		</dict>
		<key>1DD70E29F3F495C500000000</key>
		<dict>
			<key>isa</key>
			<string>PBXFileReference</string>
			<key>name</key>
			<string>TestAppBinary-Debug.xcconfig</string>
			<key>path</key>
			<string>../buck-out/gen/Apps/TestAppBinary-Debug.xcconfig</string>
			<key>sourceTree</key>
			<string>SOURCE_ROOT</string>
			<key>explicitFileType</key>
			<string>text.xcconfig</string>
		</dict>
		<key>1DD70E29AE48CFEF00000000</key>
		<dict>
			<key>isa</key>
			<string>PBXFileReference</string>
			<key>name</key>
			<string>TestAppBinary-Profile.xcconfig</string>
			<key>path</key>
			<string>../buck-out/gen/Apps/TestAppBinary-Profile.xcconfig</string>
			<key>sourceTree</key>
			<string>SOURCE_ROOT</string>
			<key>explicitFileType</key>
			<string>text.xcconfig</string>
		</dict>
		<key>1DD70E2921DF7B5100000000</key>
		<dict>
			<key>isa</key>
			<string>PBXFileReference</string>
			<key>name</key>
			<string>TestAppBinary-Release.xcconfig</string>
			<key>path</key>
			<string>../buck-out/gen/Apps/TestAppBinary-Release.xcconfig</string>
			<key>sourceTree</key>
			<string>SOURCE_ROOT</string>
			<key>explicitFileType</key>
			<string>text.xcconfig</string>
		</dict>
		<key>1DD70E29371100AE00000000</key>
		<dict>
			<key>isa</key>
			<string>PBXFileReference</string>
			<key>name</key>
			<string>brighter-Debug.xcconfig</string>
			<key>path</key>
			<string>../buck-out/gen/Apps/brighter-Debug.xcconfig</string>
			<key>sourceTree</key>
			<string>SOURCE_ROOT</string>
			<key>explicitFileType</key>
			<string>text.xcconfig</string>
		</dict>
		<key>1DD70E299BF6249800000000</key>
		<dict>
			<key>isa</key>
			<string>PBXFileReference</string>
			<key>name</key>
			<string>brighter-Profile.xcconfig</string>
			<key>path</key>
			<string>../buck-out/gen/Apps/brighter-Profile.xcconfig</string>
			<key>sourceTree</key>
			<string>SOURCE_ROOT</string>
			<key>explicitFileType</key>
			<string>text.xcconfig</string>
		</dict>
		<key>1DD70E290F8CCFFA00000000</key>
		<dict>
			<key>isa</key>
			<string>PBXFileReference</string>
			<key>name</key>
			<string>brighter-Release.xcconfig</string>
			<key>path</key>
			<string>../buck-out/gen/Apps/brighter-Release.xcconfig</string>
			<key>sourceTree</key>
			<string>SOURCE_ROOT</string>
			<key>explicitFileType</key>
			<string>text.xcconfig</string>
		</dict>
		<key>1DD70E295759171E00000000</key>
		<dict>
			<key>isa</key>
			<string>PBXFileReference</string>
			<key>name</key>
			<string>halide-compiler-dep-Debug.xcconfig</string>
			<key>path</key>
			<string>../buck-out/gen/Apps/halide-compiler-dep-Debug.xcconfig</string>
			<key>sourceTree</key>
			<string>SOURCE_ROOT</string>
			<key>explicitFileType</key>
			<string>text.xcconfig</string>
		</dict>
		<key>1DD70E29CA925F0800000000</key>
		<dict>
			<key>isa</key>
			<string>PBXFileReference</string>
			<key>name</key>
			<string>halide-compiler-dep-Profile.xcconfig</string>
			<key>path</key>
			<string>../buck-out/gen/Apps/halide-compiler-dep-Profile.xcconfig</string>
			<key>sourceTree</key>
			<string>SOURCE_ROOT</string>
			<key>explicitFileType</key>
			<string>text.xcconfig</string>
		</dict>
		<key>1DD70E293E290A6A00000000</key>
		<dict>
			<key>isa</key>
			<string>PBXFileReference</string>
			<key>name</key>
			<string>halide-compiler-dep-Release.xcconfig</string>
			<key>path</key>
			<string>../buck-out/gen/Apps/halide-compiler-dep-Release.xcconfig</string>
			<key>sourceTree</key>
			<string>SOURCE_ROOT</string>
			<key>explicitFileType</key>
			<string>text.xcconfig</string>
		</dict>
		<key>1DD70E2911BCFB1C00000000</key>
		<dict>
			<key>isa</key>
			<string>PBXFileReference</string>
			<key>name</key>
			<string>halide-dep-Debug.xcconfig</string>
			<key>path</key>
			<string>../buck-out/gen/Apps/halide-dep-Debug.xcconfig</string>
			<key>sourceTree</key>
			<string>SOURCE_ROOT</string>
			<key>explicitFileType</key>
			<string>text.xcconfig</string>
		</dict>
		<key>1DD70E297B8D3B8600000000</key>
		<dict>
			<key>isa</key>
			<string>PBXFileReference</string>
			<key>name</key>
			<string>halide-dep-Profile.xcconfig</string>
			<key>path</key>
			<string>../buck-out/gen/Apps/halide-dep-Profile.xcconfig</string>
			<key>sourceTree</key>
			<string>SOURCE_ROOT</string>
			<key>explicitFileType</key>
			<string>text.xcconfig</string>
		</dict>
		<key>1DD70E29EF23E6E800000000</key>
		<dict>
			<key>isa</key>
			<string>PBXFileReference</string>
			<key>name</key>
			<string>halide-dep-Release.xcconfig</string>
			<key>path</key>
			<string>../buck-out/gen/Apps/halide-dep-Release.xcconfig</string>
			<key>sourceTree</key>
			<string>SOURCE_ROOT</string>
			<key>explicitFileType</key>
			<string>text.xcconfig</string>
		</dict>
		<key>B401C979001F3E9200000001</key>
		<dict>
			<key>isa</key>
			<string>PBXGroup</string>
			<key>name</key>
			<string>Apps</string>
			<key>sourceTree</key>
			<string><![CDATA[<group>]]></string>
			<key>children</key>
			<array>
				<string>1DD70E29E4B004C600000000</string>
				<string>1DD70E295DE482B000000000</string>
				<string>1DD70E29D17B2E1200000000</string>
				<string>1DD70E29F3F495C500000000</string>
				<string>1DD70E29AE48CFEF00000000</string>
				<string>1DD70E2921DF7B5100000000</string>
				<string>1DD70E29371100AE00000000</string>
				<string>1DD70E299BF6249800000000</string>
				<string>1DD70E290F8CCFFA00000000</string>
				<string>1DD70E295759171E00000000</string>
				<string>1DD70E29CA925F0800000000</string>
				<string>1DD70E293E290A6A00000000</string>
				<string>1DD70E2911BCFB1C00000000</string>
				<string>1DD70E297B8D3B8600000000</string>
				<string>1DD70E29EF23E6E800000000</string>
			</array>
		</dict>
		<key>B401C97900018F5000000000</key>
		<dict>
			<key>isa</key>
			<string>PBXGroup</string>
			<key>name</key>
			<string>gen</string>
			<key>sourceTree</key>
			<string><![CDATA[<group>]]></string>
			<key>children</key>
			<array>
				<string>B401C979001F3E9200000001</string>
			</array>
		</dict>
		<key>B401C979A055FE7C00000000</key>
		<dict>
			<key>isa</key>
			<string>PBXGroup</string>
			<key>name</key>
			<string>buck-out</string>
			<key>sourceTree</key>
			<string><![CDATA[<group>]]></string>
			<key>children</key>
			<array>
				<string>B401C97900018F5000000000</string>
			</array>
		</dict>
		<key>B401C979EFB6AC4600000000</key>
		<dict>
			<key>isa</key>
			<string>PBXGroup</string>
			<key>name</key>
			<string>mainGroup</string>
			<key>sourceTree</key>
			<string><![CDATA[<group>]]></string>
			<key>children</key>
			<array>
				<string>B401C979001F3E9200000000</string>
				<string>B401C979C806358400000000</string>
				<string>B401C979A055FE7C00000000</string>
			</array>
		</dict>
		<key>E1F174220000000000000000</key>
		<dict>
			<key>isa</key>
			<string>PBXShellScriptBuildPhase</string>
			<key>files</key>
			<array>
			</array>
			<key>name</key>
			<string>Buck Build</string>
			<key>inputPaths</key>
			<array>
			</array>
			<key>outputPaths</key>
			<array>
			</array>
			<key>shellPath</key>
			<string>/bin/sh</string>
			<key>shellScript</key>
			<string><![CDATA[cd $SOURCE_ROOT/.. && ./build_script.sh]]></string>
		</dict>
		<key>4952437303EDA63300000000</key>
		<dict>
			<key>isa</key>
			<string>XCBuildConfiguration</string>
			<key>name</key>
			<string>Debug</string>
			<key>buildSettings</key>
			<dict>
			</dict>
			<key>baseConfigurationReference</key>
			<string>1DD70E29E4B004C600000000</string>
		</dict>
		<key>4952437350C7218900000000</key>
		<dict>
			<key>isa</key>
			<string>XCBuildConfiguration</string>
			<key>name</key>
			<string>Profile</string>
			<key>buildSettings</key>
			<dict>
			</dict>
			<key>baseConfigurationReference</key>
			<string>1DD70E295DE482B000000000</string>
		</dict>
		<key>49524373A439BFE700000000</key>
		<dict>
			<key>isa</key>
			<string>XCBuildConfiguration</string>
			<key>name</key>
			<string>Release</string>
			<key>buildSettings</key>
			<dict>
			</dict>
			<key>baseConfigurationReference</key>
			<string>1DD70E29D17B2E1200000000</string>
		</dict>
		<key>218C37090000000000000000</key>
		<dict>
			<key>isa</key>
			<string>XCConfigurationList</string>
			<key>buildConfigurations</key>
			<array>
				<string>4952437303EDA63300000000</string>
				<string>4952437350C7218900000000</string>
				<string>49524373A439BFE700000000</string>
			</array>
			<key>defaultConfigurationIsVisible</key>
			<false/>
		</dict>
		<key>E66DC04E0E6F340F00000000</key>
		<dict>
			<key>isa</key>
			<string>PBXNativeTarget</string>
			<key>name</key>
			<string>TestApp</string>
			<key>productName</key>
			<string>TestApp</string>
			<key>productReference</key>
			<string>1DD70E291C9EF7C200000000</string>
			<key>productType</key>
			<string>com.apple.product-type.application</string>
			<key>dependencies</key>
			<array>
			</array>
			<key>buildPhases</key>
			<array>
				<string>E1F174220000000000000000</string>
			</array>
			<key>buildConfigurationList</key>
			<string>218C37090000000000000000</string>
		</dict>
		<key>E7A30F04BF88817800000000</key>
		<dict>
			<key>isa</key>
			<string>PBXBuildFile</string>
			<key>fileRef</key>
			<string>1DD70E29BF88817800000000</string>
		</dict>
		<key>1870857F0000000000000000</key>
		<dict>
			<key>isa</key>
			<string>PBXSourcesBuildPhase</string>
			<key>files</key>
			<array>
				<string>E7A30F04BF88817800000000</string>
			</array>
		</dict>
		<key>E1F174220000000000000001</key>
		<dict>
			<key>isa</key>
			<string>PBXShellScriptBuildPhase</string>
			<key>files</key>
			<array>
			</array>
			<key>name</key>
			<string>Buck Build</string>
			<key>inputPaths</key>
			<array>
			</array>
			<key>outputPaths</key>
			<array>
			</array>
			<key>shellPath</key>
			<string>/bin/sh</string>
			<key>shellScript</key>
			<string><![CDATA[cd $SOURCE_ROOT/.. && ./build_script.sh]]></string>
		</dict>
		<key>4952437303EDA63300000001</key>
		<dict>
			<key>isa</key>
			<string>XCBuildConfiguration</string>
			<key>name</key>
			<string>Debug</string>
			<key>buildSettings</key>
			<dict>
			</dict>
			<key>baseConfigurationReference</key>
			<string>1DD70E29F3F495C500000000</string>
		</dict>
		<key>4952437350C7218900000001</key>
		<dict>
			<key>isa</key>
			<string>XCBuildConfiguration</string>
			<key>name</key>
			<string>Profile</string>
			<key>buildSettings</key>
			<dict>
			</dict>
			<key>baseConfigurationReference</key>
			<string>1DD70E29AE48CFEF00000000</string>
		</dict>
		<key>49524373A439BFE700000001</key>
		<dict>
			<key>isa</key>
			<string>XCBuildConfiguration</string>
			<key>name</key>
			<string>Release</string>
			<key>buildSettings</key>
			<dict>
			</dict>
			<key>baseConfigurationReference</key>
			<string>1DD70E2921DF7B5100000000</string>
		</dict>
		<key>218C37090000000000000001</key>
		<dict>
			<key>isa</key>
			<string>XCConfigurationList</string>
			<key>buildConfigurations</key>
			<array>
				<string>4952437303EDA63300000001</string>
				<string>4952437350C7218900000001</string>
				<string>49524373A439BFE700000001</string>
			</array>
			<key>defaultConfigurationIsVisible</key>
			<false/>
		</dict>
		<key>E66DC04E9350A4F000000000</key>
		<dict>
			<key>isa</key>
			<string>PBXNativeTarget</string>
			<key>name</key>
			<string>TestAppBinary</string>
			<key>productName</key>
			<string>TestAppBinary</string>
			<key>productReference</key>
			<string>1DD70E299350A4F000000000</string>
			<key>productType</key>
			<string>com.apple.product-type.tool</string>
			<key>dependencies</key>
			<array>
			</array>
			<key>buildPhases</key>
			<array>
				<string>1870857F0000000000000000</string>
				<string>E1F174220000000000000001</string>
			</array>
			<key>buildConfigurationList</key>
			<string>218C37090000000000000001</string>
		</dict>
		<key>E1F174220000000000000002</key>
		<dict>
			<key>isa</key>
			<string>PBXShellScriptBuildPhase</string>
			<key>files</key>
			<array>
			</array>
			<key>name</key>
			<string>Buck Build</string>
			<key>inputPaths</key>
			<array>
			</array>
			<key>outputPaths</key>
			<array>
			</array>
			<key>shellPath</key>
			<string>/bin/sh</string>
			<key>shellScript</key>
			<string><![CDATA[cd $SOURCE_ROOT/.. && ./build_script.sh]]></string>
		</dict>
		<key>4952437303EDA63300000002</key>
		<dict>
			<key>isa</key>
			<string>XCBuildConfiguration</string>
			<key>name</key>
			<string>Debug</string>
			<key>buildSettings</key>
			<dict>
			</dict>
			<key>baseConfigurationReference</key>
			<string>1DD70E29371100AE00000000</string>
		</dict>
		<key>4952437350C7218900000002</key>
		<dict>
			<key>isa</key>
			<string>XCBuildConfiguration</string>
			<key>name</key>
			<string>Profile</string>
			<key>buildSettings</key>
			<dict>
			</dict>
			<key>baseConfigurationReference</key>
			<string>1DD70E299BF6249800000000</string>
		</dict>
		<key>49524373A439BFE700000002</key>
		<dict>
			<key>isa</key>
			<string>XCBuildConfiguration</string>
			<key>name</key>
			<string>Release</string>
			<key>buildSettings</key>
			<dict>
			</dict>
			<key>baseConfigurationReference</key>
			<string>1DD70E290F8CCFFA00000000</string>
		</dict>
		<key>218C37090000000000000002</key>
		<dict>
			<key>isa</key>
			<string>XCConfigurationList</string>
			<key>buildConfigurations</key>
			<array>
				<string>4952437303EDA63300000002</string>
				<string>4952437350C7218900000002</string>
				<string>49524373A439BFE700000002</string>
			</array>
			<key>defaultConfigurationIsVisible</key>
			<false/>
		</dict>
		<key>E66DC04E0BC2E52700000000</key>
		<dict>
			<key>isa</key>
			<string>PBXNativeTarget</string>
			<key>name</key>
			<string>brighter</string>
			<key>productName</key>
			<string>brighter</string>
			<key>productReference</key>
			<string>1DD70E290BC2E52700000000</string>
			<key>productType</key>
			<string>com.apple.product-type.library.static</string>
			<key>dependencies</key>
			<array>
			</array>
			<key>buildPhases</key>
			<array>
				<string>E1F174220000000000000002</string>
			</array>
			<key>buildConfigurationList</key>
			<string>218C37090000000000000002</string>
		</dict>
		<key>E7A30F045CC270EC00000000</key>
		<dict>
			<key>isa</key>
			<string>PBXBuildFile</string>
			<key>fileRef</key>
			<string>1DD70E295CC270EC00000000</string>
		</dict>
		<key>1870857F0000000000000001</key>
		<dict>
			<key>isa</key>
			<string>PBXSourcesBuildPhase</string>
			<key>files</key>
			<array>
				<string>E7A30F045CC270EC00000000</string>
			</array>
		</dict>
		<key>E1F174220000000000000003</key>
		<dict>
			<key>isa</key>
			<string>PBXShellScriptBuildPhase</string>
			<key>files</key>
			<array>
			</array>
			<key>name</key>
			<string>Buck Build</string>
			<key>inputPaths</key>
			<array>
			</array>
			<key>outputPaths</key>
			<array>
			</array>
			<key>shellPath</key>
			<string>/bin/sh</string>
			<key>shellScript</key>
			<string><![CDATA[cd $SOURCE_ROOT/.. && ./build_script.sh]]></string>
		</dict>
		<key>4952437303EDA63300000003</key>
		<dict>
			<key>isa</key>
			<string>XCBuildConfiguration</string>
			<key>name</key>
			<string>Debug</string>
			<key>buildSettings</key>
			<dict>
			</dict>
			<key>baseConfigurationReference</key>
			<string>1DD70E295759171E00000000</string>
		</dict>
		<key>4952437350C7218900000003</key>
		<dict>
			<key>isa</key>
			<string>XCBuildConfiguration</string>
			<key>name</key>
			<string>Profile</string>
			<key>buildSettings</key>
			<dict>
			</dict>
			<key>baseConfigurationReference</key>
			<string>1DD70E29CA925F0800000000</string>
		</dict>
		<key>49524373A439BFE700000003</key>
		<dict>
			<key>isa</key>
			<string>XCBuildConfiguration</string>
			<key>name</key>
			<string>Release</string>
			<key>buildSettings</key>
			<dict>
			</dict>
			<key>baseConfigurationReference</key>
			<string>1DD70E293E290A6A00000000</string>
		</dict>
		<key>218C37090000000000000003</key>
		<dict>
			<key>isa</key>
			<string>XCConfigurationList</string>
			<key>buildConfigurations</key>
			<array>
				<string>4952437303EDA63300000003</string>
				<string>4952437350C7218900000003</string>
				<string>49524373A439BFE700000003</string>
			</array>
			<key>defaultConfigurationIsVisible</key>
			<false/>
		</dict>
		<key>E66DC04EC17EBCB700000000</key>
		<dict>
			<key>isa</key>
			<string>PBXNativeTarget</string>
			<key>name</key>
			<string>halide-compiler-dep</string>
			<key>productName</key>
			<string>halide-compiler-dep</string>
			<key>productReference</key>
			<string>1DD70E299AF4038500000000</string>
			<key>productType</key>
			<string>com.apple.product-type.library.static</string>
			<key>dependencies</key>
			<array>
			</array>
			<key>buildPhases</key>
			<array>
				<string>1870857F0000000000000001</string>
				<string>E1F174220000000000000003</string>
			</array>
			<key>buildConfigurationList</key>
			<string>218C37090000000000000003</string>
		</dict>
		<key>E7A30F042F25E82E00000000</key>
		<dict>
			<key>isa</key>
			<string>PBXBuildFile</string>
			<key>fileRef</key>
			<string>1DD70E292F25E82E00000000</string>
		</dict>
		<key>1870857F0000000000000002</key>
		<dict>
			<key>isa</key>
			<string>PBXSourcesBuildPhase</string>
			<key>files</key>
			<array>
				<string>E7A30F042F25E82E00000000</string>
			</array>
		</dict>
		<key>E1F174220000000000000004</key>
		<dict>
			<key>isa</key>
			<string>PBXShellScriptBuildPhase</string>
			<key>files</key>
			<array>
			</array>
			<key>name</key>
			<string>Buck Build</string>
			<key>inputPaths</key>
			<array>
			</array>
			<key>outputPaths</key>
			<array>
			</array>
			<key>shellPath</key>
			<string>/bin/sh</string>
			<key>shellScript</key>
			<string><![CDATA[cd $SOURCE_ROOT/.. && ./build_script.sh]]></string>
		</dict>
		<key>4952437303EDA63300000004</key>
		<dict>
			<key>isa</key>
			<string>XCBuildConfiguration</string>
			<key>name</key>
			<string>Debug</string>
			<key>buildSettings</key>
			<dict>
			</dict>
			<key>baseConfigurationReference</key>
			<string>1DD70E2911BCFB1C00000000</string>
		</dict>
		<key>4952437350C7218900000004</key>
		<dict>
			<key>isa</key>
			<string>XCBuildConfiguration</string>
			<key>name</key>
			<string>Profile</string>
			<key>buildSettings</key>
			<dict>
			</dict>
			<key>baseConfigurationReference</key>
			<string>1DD70E297B8D3B8600000000</string>
		</dict>
		<key>49524373A439BFE700000004</key>
		<dict>
			<key>isa</key>
			<string>XCBuildConfiguration</string>
			<key>name</key>
			<string>Release</string>
			<key>buildSettings</key>
			<dict>
			</dict>
			<key>baseConfigurationReference</key>
			<string>1DD70E29EF23E6E800000000</string>
		</dict>
		<key>218C37090000000000000004</key>
		<dict>
			<key>isa</key>
			<string>XCConfigurationList</string>
			<key>buildConfigurations</key>
			<array>
				<string>4952437303EDA63300000004</string>
				<string>4952437350C7218900000004</string>
				<string>49524373A439BFE700000004</string>
			</array>
			<key>defaultConfigurationIsVisible</key>
			<false/>
		</dict>
		<key>E66DC04EA17B1C7900000000</key>
		<dict>
			<key>isa</key>
			<string>PBXNativeTarget</string>
			<key>name</key>
			<string>halide-dep</string>
			<key>productName</key>
			<string>halide-dep</string>
			<key>productReference</key>
			<string>1DD70E2909D6EB3100000000</string>
			<key>productType</key>
			<string>com.apple.product-type.library.static</string>
			<key>dependencies</key>
			<array>
			</array>
			<key>buildPhases</key>
			<array>
				<string>1870857F0000000000000002</string>
				<string>E1F174220000000000000004</string>
			</array>
			<key>buildConfigurationList</key>
			<string>218C37090000000000000004</string>
		</dict>
		<key>4952437303EDA63300000005</key>
		<dict>
			<key>isa</key>
			<string>XCBuildConfiguration</string>
			<key>name</key>
			<string>Debug</string>
			<key>buildSettings</key>
			<dict>
				<key>BUCK_CELL_RELATIVE_PATH</key>
				<string>..</string>
			</dict>
		</dict>
		<key>4952437350C7218900000005</key>
		<dict>
			<key>isa</key>
			<string>XCBuildConfiguration</string>
			<key>name</key>
			<string>Profile</string>
			<key>buildSettings</key>
			<dict>
				<key>BUCK_CELL_RELATIVE_PATH</key>
				<string>..</string>
			</dict>
		</dict>
		<key>49524373A439BFE700000005</key>
		<dict>
			<key>isa</key>
			<string>XCBuildConfiguration</string>
			<key>name</key>
			<string>Release</string>
			<key>buildSettings</key>
			<dict>
				<key>BUCK_CELL_RELATIVE_PATH</key>
				<string>..</string>
			</dict>
		</dict>
		<key>218C37090000000000000005</key>
		<dict>
			<key>isa</key>
			<string>XCConfigurationList</string>
			<key>buildConfigurations</key>
			<array>
				<string>4952437303EDA63300000005</string>
				<string>4952437350C7218900000005</string>
				<string>49524373A439BFE700000005</string>
			</array>
			<key>defaultConfigurationIsVisible</key>
			<false/>
		</dict>
		<key>96C847930E6F340F00000000</key>
		<dict>
			<key>isa</key>
			<string>PBXProject</string>
			<key>mainGroup</key>
			<string>B401C979EFB6AC4600000000</string>
			<key>targets</key>
			<array>
				<string>E66DC04E0E6F340F00000000</string>
				<string>E66DC04E9350A4F000000000</string>
				<string>E66DC04E0BC2E52700000000</string>
				<string>E66DC04EC17EBCB700000000</string>
				<string>E66DC04EA17B1C7900000000</string>
			</array>
			<key>buildConfigurationList</key>
			<string>218C37090000000000000005</string>
			<key>compatibilityVersion</key>
			<string>Xcode 3.2</string>
			<key>attributes</key>
			<dict>
				<key>LastUpgradeCheck</key>
				<string>9999</string>
			</dict>
		</dict>
	</dict>
	<key>rootObject</key>
	<string>96C847930E6F340F00000000</string>
</dict>
</plist>